  Γû▓ Next.js 14.2.35
  - Environments: .env

   Creating an optimized production build ...
